
.MAIN.  Commodore 6502ASM V072882    Page 1
   SPRITEMAIN.asm

Error Addr  Code          Seq   Source statement

                            1   ;********************************
                            2   ;
                            3   ;********************************
            =E000           4   *=$E000
                            5   ;********************************
                            6   ;
                            7   ;********************************
                            8   
                            9   ;********************************
                           10   ; SPRITE DATA FOR COMMODORE BALLOON
                           11   ;********************************
     E000   00 7F 00       12    .BYTE 0,127,0,1,255,192,3,255,224,3,231,224
     E003   01 FF C0 
     E006   03 FF E0 
     E009   03 E7 E0 
     E00C   07 D9 F0       13    .BYTE 7,217,240,7,223,240,7,217,240,3,231,224
     E00F   07 DF F0 
     E012   07 D9 F0 
     E015   03 E7 E0 
     E018   03 FF E0       14    .BYTE 3,255,224,3,255,224,2,255,160,1,127,64
     E01B   03 FF E0 
     E01E   02 FF A0 
     E021   01 7F 40 
     E024   01 3E 40       15    .BYTE 1,62,64,0,156,128,0,156,128,0,73,0,0,73,0
     E027   00 9C 80 
     E02A   00 9C 80 
     E02D   00 49 00 
     E030   00 49 00 
     E033   00 3E 00       16    .BYTE 0,62,0,0,62,0,0,62,0,0,28,0,0
     E036   00 3E 00 
     E039   00 3E 00 
     E03C   00 1C 00 
     E03F   00 
                           17   ;********************************
                           18   ; SPRITE DATA FOR LANDER

Errors detected in 0 lines.

 value name                            cross reference

S 0000 A                               

Memory used to store 0 local symbols: 0. bytes.

Memory used to store 1 permanent symbols: 34. bytes.

Memory used for cross reference table: 0. bytes.

No macros defined.
